[
  {
    "artifact_name": "244531986313.dkr.ecr.eu-central-1.amazonaws.com/custom-start-points:5b75832@sha256:36fe1096e74e75421d3671c2bcb8688658565f6ca5723eacf214c85f930ac141",
    "artifact_fingerprint": "36fe1096e74e75421d3671c2bcb8688658565f6ca5723eacf214c85f930ac141",
    "flow_name": "custom-start-points-ci",
    "git_commit": "5b75832b1c5ec598478a9a3965f15e25059cb605",
    "commit_url": "https://github.com/cyber-dojo/custom-start-points/commit/5b75832b1c5ec598478a9a3965f15e25059cb605",
    "repo_name": "custom-start-points",
    "snapshot_index": 3600,
    "snapshot_artifact_url": "https://app.kosli.com/cyber-dojo/environments/aws-prod/snapshots/3600?fingerprint=36fe1096e74e75421d3671c2bcb8688658565f6ca5723eacf214c85f930ac141",
    "environment_name": "aws-prod",
    "raw_snyk_file_url": "https://raw.githubusercontent.com/cyber-dojo/custom-start-points/5b75832b1c5ec598478a9a3965f15e25059cb605/.snyk"
  },
  {
    "artifact_name": "244531986313.dkr.ecr.eu-central-1.amazonaws.com/differ:ed56bc1@sha256:e3c25b3a0f32f1a93662d81e14312f82cd08ab7c16b230fcd1fb1d92106efd9e",
    "artifact_fingerprint": "e3c25b3a0f32f1a93662d81e14312f82cd08ab7c16b230fcd1fb1d92106efd9e",
    "flow_name": "differ-ci",
    "git_commit": "ed56bc1e9deb5df3de2cb1c4cfd47cb3b58c7136",
    "commit_url": "https://github.com/cyber-dojo/differ/commit/ed56bc1e9deb5df3de2cb1c4cfd47cb3b58c7136",
    "repo_name": "differ",
    "snapshot_index": 3600,
    "snapshot_artifact_url": "https://app.kosli.com/cyber-dojo/environments/aws-prod/snapshots/3600?fingerprint=e3c25b3a0f32f1a93662d81e14312f82cd08ab7c16b230fcd1fb1d92106efd9e",
    "environment_name": "aws-prod",
    "raw_snyk_file_url": "https://raw.githubusercontent.com/cyber-dojo/differ/ed56bc1e9deb5df3de2cb1c4cfd47cb3b58c7136/.snyk"
  },
  {
    "artifact_name": "244531986313.dkr.ecr.eu-central-1.amazonaws.com/saver:65827d7@sha256:cd8e30cf2027bce856d2b65c827afcbc0370f6e1a56c80514d4af2719df5c12f",
    "artifact_fingerprint": "cd8e30cf2027bce856d2b65c827afcbc0370f6e1a56c80514d4af2719df5c12f",
    "flow_name": "saver-ci",
    "git_commit": "65827d7aa09d9d40eca4210dfeef4d162cf32c1f",
    "commit_url": "https://github.com/cyber-dojo/saver/commit/65827d7aa09d9d40eca4210dfeef4d162cf32c1f",
    "repo_name": "saver",
    "snapshot_index": 3600,
    "snapshot_artifact_url": "https://app.kosli.com/cyber-dojo/environments/aws-prod/snapshots/3600?fingerprint=cd8e30cf2027bce856d2b65c827afcbc0370f6e1a56c80514d4af2719df5c12f",
    "environment_name": "aws-prod",
    "raw_snyk_file_url": "https://raw.githubusercontent.com/cyber-dojo/saver/65827d7aa09d9d40eca4210dfeef4d162cf32c1f/.snyk"
  },
  {
    "artifact_name": "244531986313.dkr.ecr.eu-central-1.amazonaws.com/runner:2db48bd@sha256:bd1f0451af65dc382790b57dc80b59332e739aa73ae5613b5b86430e56e0a10c",
    "artifact_fingerprint": "bd1f0451af65dc382790b57dc80b59332e739aa73ae5613b5b86430e56e0a10c",
    "flow_name": "runner-ci",
    "git_commit": "2db48bd13696c986463a6f0b64dbc241b87af5b9",
    "commit_url": "https://github.com/cyber-dojo/runner/commit/2db48bd13696c986463a6f0b64dbc241b87af5b9",
    "repo_name": "runner",
    "snapshot_index": 3600,
    "snapshot_artifact_url": "https://app.kosli.com/cyber-dojo/environments/aws-prod/snapshots/3600?fingerprint=bd1f0451af65dc382790b57dc80b59332e739aa73ae5613b5b86430e56e0a10c",
    "environment_name": "aws-prod",
    "raw_snyk_file_url": "https://raw.githubusercontent.com/cyber-dojo/runner/2db48bd13696c986463a6f0b64dbc241b87af5b9/.snyk"
  },
  {
    "artifact_name": "244531986313.dkr.ecr.eu-central-1.amazonaws.com/dashboard:621a21a@sha256:a57d9d38df65eef06df264a8af264c66af13bd8acefb3dd839260046a4804767",
    "artifact_fingerprint": "a57d9d38df65eef06df264a8af264c66af13bd8acefb3dd839260046a4804767",
    "flow_name": "dashboard-ci",
    "git_commit": "621a21af5093ee711e000d0bcd6f2b2cab7c533f",
    "commit_url": "https://github.com/cyber-dojo/dashboard/commit/621a21af5093ee711e000d0bcd6f2b2cab7c533f",
    "repo_name": "dashboard",
    "snapshot_index": 3600,
    "snapshot_artifact_url": "https://app.kosli.com/cyber-dojo/environments/aws-prod/snapshots/3600?fingerprint=a57d9d38df65eef06df264a8af264c66af13bd8acefb3dd839260046a4804767",
    "environment_name": "aws-prod",
    "raw_snyk_file_url": "https://raw.githubusercontent.com/cyber-dojo/dashboard/621a21af5093ee711e000d0bcd6f2b2cab7c533f/.snyk"
  },
  {
    "artifact_name": "244531986313.dkr.ecr.eu-central-1.amazonaws.com/nginx:fed19b5@sha256:d41416fcd88e68c4c8b5dd19a3b00308a404e7c70713e12ea9ad8cd1d90e883d",
    "artifact_fingerprint": "d41416fcd88e68c4c8b5dd19a3b00308a404e7c70713e12ea9ad8cd1d90e883d",
    "flow_name": "nginx-ci",
    "git_commit": "fed19b56135832282864c787c6dde0f39a4d4de0",
    "commit_url": "https://github.com/cyber-dojo/nginx/commit/fed19b56135832282864c787c6dde0f39a4d4de0",
    "repo_name": "nginx",
    "snapshot_index": 3600,
    "snapshot_artifact_url": "https://app.kosli.com/cyber-dojo/environments/aws-prod/snapshots/3600?fingerprint=d41416fcd88e68c4c8b5dd19a3b00308a404e7c70713e12ea9ad8cd1d90e883d",
    "environment_name": "aws-prod",
    "raw_snyk_file_url": "https://raw.githubusercontent.com/cyber-dojo/nginx/fed19b56135832282864c787c6dde0f39a4d4de0/.snyk"
  },
  {
    "artifact_name": "244531986313.dkr.ecr.eu-central-1.amazonaws.com/exercises-start-points:9fb5bcd@sha256:64a1fcdf2722a5847f673243a8b685d2782ab856af753543d9ca5d8debf506f0",
    "artifact_fingerprint": "64a1fcdf2722a5847f673243a8b685d2782ab856af753543d9ca5d8debf506f0",
    "flow_name": "exercises-start-points-ci",
    "git_commit": "9fb5bcdd28550da4dee22142ca722586911adbb1",
    "commit_url": "https://github.com/cyber-dojo/exercises-start-points/commit/9fb5bcdd28550da4dee22142ca722586911adbb1",
    "repo_name": "exercises-start-points",
    "snapshot_index": 3600,
    "snapshot_artifact_url": "https://app.kosli.com/cyber-dojo/environments/aws-prod/snapshots/3600?fingerprint=64a1fcdf2722a5847f673243a8b685d2782ab856af753543d9ca5d8debf506f0",
    "environment_name": "aws-prod",
    "raw_snyk_file_url": "https://raw.githubusercontent.com/cyber-dojo/exercises-start-points/9fb5bcdd28550da4dee22142ca722586911adbb1/.snyk"
  },
  {
    "artifact_name": "244531986313.dkr.ecr.eu-central-1.amazonaws.com/web:7645ee7@sha256:0e26db3f06decfd2da716c6a6e8b04be54e791f9f48812dc5e462f040519fda8",
    "artifact_fingerprint": "0e26db3f06decfd2da716c6a6e8b04be54e791f9f48812dc5e462f040519fda8",
    "flow_name": "web-ci",
    "git_commit": "7645ee70706ad259c6367b97946edb10d00815a0",
    "commit_url": "https://github.com/cyber-dojo/web/commit/7645ee70706ad259c6367b97946edb10d00815a0",
    "repo_name": "web",
    "snapshot_index": 3600,
    "snapshot_artifact_url": "https://app.kosli.com/cyber-dojo/environments/aws-prod/snapshots/3600?fingerprint=0e26db3f06decfd2da716c6a6e8b04be54e791f9f48812dc5e462f040519fda8",
    "environment_name": "aws-prod",
    "raw_snyk_file_url": "https://raw.githubusercontent.com/cyber-dojo/web/7645ee70706ad259c6367b97946edb10d00815a0/.snyk"
  },
  {
    "artifact_name": "244531986313.dkr.ecr.eu-central-1.amazonaws.com/languages-start-points:8836628@sha256:1d7fc67092bee8492e5019ca0175edf5189e4fc71a4b3a21976c64070def810a",
    "artifact_fingerprint": "1d7fc67092bee8492e5019ca0175edf5189e4fc71a4b3a21976c64070def810a",
    "flow_name": "languages-start-points-ci",
    "git_commit": "88366281011d1aa83c5db4280aa8a6daa0be8541",
    "commit_url": "https://github.com/cyber-dojo/languages-start-points/commit/88366281011d1aa83c5db4280aa8a6daa0be8541",
    "repo_name": "languages-start-points",
    "snapshot_index": 3600,
    "snapshot_artifact_url": "https://app.kosli.com/cyber-dojo/environments/aws-prod/snapshots/3600?fingerprint=1d7fc67092bee8492e5019ca0175edf5189e4fc71a4b3a21976c64070def810a",
    "environment_name": "aws-prod",
    "raw_snyk_file_url": "https://raw.githubusercontent.com/cyber-dojo/languages-start-points/88366281011d1aa83c5db4280aa8a6daa0be8541/.snyk"
  },
  {
    "artifact_name": "244531986313.dkr.ecr.eu-central-1.amazonaws.com/creator:dca5d2f@sha256:dd123b623e731fdccfc5343ca30f927ae5f58df443fa15f00c496427a6e14eea",
    "artifact_fingerprint": "dd123b623e731fdccfc5343ca30f927ae5f58df443fa15f00c496427a6e14eea",
    "flow_name": "creator-ci",
    "git_commit": "dca5d2f7571f9b63d651088c2b38946091853083",
    "commit_url": "https://gitlab.com/cyber-dojo/creator/-/commit/dca5d2f7571f9b63d651088c2b38946091853083",
    "repo_name": "creator",
    "snapshot_index": 3600,
    "snapshot_artifact_url": "https://app.kosli.com/cyber-dojo/environments/aws-prod/snapshots/3600?fingerprint=dd123b623e731fdccfc5343ca30f927ae5f58df443fa15f00c496427a6e14eea",
    "environment_name": "aws-prod",
    "raw_snyk_file_url": "https://gitlab.com/cyber-dojo/creator/-/raw/dca5d2f7571f9b63d651088c2b38946091853083/.snyk"
  }
]
